2026-07-30T11:12:49Z INF Thank you for trying Cloudflare Tunnel. Doing so, without a Cloudflare account, is a quick way to experiment and try it out. However, be aware that these account-less Tunnels have no uptime guarantee, are subject to the Cloudflare Online Services Terms of Use (https://www.cloudflare.com/website-terms/), and Cloudflare reserves the right to investigate your use of Tunnels for violations of such terms. If you intend to use Tunnels in production you should use a pre-created named tunnel by following: https://developers.cloudflare.com/cloudflare-one/connections/connect-apps
2026-07-30T11:12:49Z INF Requesting new quick Tunnel on trycloudflare.com...
2026-07-30T11:12:54Z INF +--------------------------------------------------------------------------------------------+
2026-07-30T11:12:54Z INF |  Your quick Tunnel has been created! Visit it at (it may take some time to be reachable):  |
2026-07-30T11:12:54Z INF |  https://conjunction-hurricane-rfc-reliable.trycloudflare.com                              |
2026-07-30T11:12:54Z INF +--------------------------------------------------------------------------------------------+
2026-07-30T11:12:54Z INF Cannot determine default configuration path. No file [config.yml config.yaml] in [~/.cloudflared ~/.cloudflare-warp ~/cloudflare-warp /etc/cloudflared /usr/local/etc/cloudflared]
2026-07-30T11:12:54Z INF Version 2026.7.3 (Checksum 9d71c677db00134c1bd4144b7783486b654ad281b1ea62b4972098d19f770f17)
2026-07-30T11:12:54Z INF GOOS: linux, GOVersion: go1.26.4, GoArch: amd64
2026-07-30T11:12:54Z INF Settings: map[ha-connections:1 protocol:quic url:http://localhost:3838]
2026-07-30T11:12:54Z INF cloudflared will not automatically update if installed by a package manager.
2026-07-30T11:12:54Z INF Generated Connector ID: 2360eaa6-f5ed-4762-8592-bf866d3c0126
2026-07-30T11:12:54Z INF Initial protocol quic
2026-07-30T11:12:54Z INF ICMP proxy will use 192.168.100.187 as source for IPv4
2026-07-30T11:12:54Z INF ICMP proxy will use fe80::6fd:e05c:7290:ec7d in zone enx025202503631 as source for IPv6
2026-07-30T11:12:55Z INF ICMP proxy will use 192.168.100.187 as source for IPv4
2026-07-30T11:12:55Z INF ICMP proxy will use fe80::6fd:e05c:7290:ec7d in zone enx025202503631 as source for IPv6
2026-07-30T11:12:55Z INF Starting metrics server on 127.0.0.1:20242/metrics
2026-07-30T11:12:55Z INF Tunnel connection curve preferences: [X25519MLKEM768 CurveID(65074) CurveP256] connIndex=0 event=0 ip=198.41.200.13
2026/07/30 13:12:55 failed to sufficiently increase send buffer size (was: 208 kiB, wanted: 7168 kiB, got: 416 kiB). See https://github.com/quic-go/quic-go/wiki/UDP-Buffer-Sizes for details.
2026-07-30T11:12:55Z INF Registered tunnel connection connIndex=0 connection=ea10b73a-bbfa-4ef9-bce7-a1ca8b87dde3 event=0 ip=198.41.200.13 location=cdg11 protocol=quic
2026-07-30T11:13:04Z INF +-------------------------------------------------------------------------------------+
2026-07-30T11:13:04Z INF |                               CONNECTIVITY PRE-CHECKS                               |
2026-07-30T11:13:04Z INF +-------------------------------------------------------------------------------------+
2026-07-30T11:13:04Z INF |  COMPONENT         TARGET                     STATUS  DETAILS                       |
2026-07-30T11:13:04Z INF |  DNS Resolution    region1.v2.argotunnel.com  PASS    DNS Resolved successfully     |
2026-07-30T11:13:04Z INF |  DNS Resolution    region2.v2.argotunnel.com  PASS    DNS Resolved successfully     |
2026-07-30T11:13:04Z INF |  UDP Connectivity  region1.v2.argotunnel.com  PASS    QUIC connection successful    |
2026-07-30T11:13:04Z INF |  UDP Connectivity  region2.v2.argotunnel.com  PASS    QUIC connection successful    |
2026-07-30T11:13:04Z INF |  TCP Connectivity  region1.v2.argotunnel.com  PASS    HTTP/2 connection successful  |
2026-07-30T11:13:04Z INF |  TCP Connectivity  region2.v2.argotunnel.com  PASS    HTTP/2 connection successful  |
2026-07-30T11:13:04Z INF |  Cloudflare API    api.cloudflare.com:443     PASS    API is reachable              |
2026-07-30T11:13:04Z INF |                                                                                     |
2026-07-30T11:13:04Z INF |  SUMMARY: Environment is healthy. cloudflared will use 'quic' as primary protocol.  |
2026-07-30T11:13:04Z INF +-------------------------------------------------------------------------------------+
2026-07-30T11:13:04Z INF precheck component="DNS Resolution" details="DNS Resolved successfully" run_id=aec550d0-a2e3-4497-8dcf-0b3f5766ff28 status=pass target=region1.v2.argotunnel.com
2026-07-30T11:13:04Z INF precheck component="DNS Resolution" details="DNS Resolved successfully" run_id=aec550d0-a2e3-4497-8dcf-0b3f5766ff28 status=pass target=region2.v2.argotunnel.com
2026-07-30T11:13:04Z INF precheck component="UDP Connectivity" details="QUIC connection successful" run_id=aec550d0-a2e3-4497-8dcf-0b3f5766ff28 status=pass target=region1.v2.argotunnel.com
2026-07-30T11:13:04Z INF precheck component="UDP Connectivity" details="QUIC connection successful" run_id=aec550d0-a2e3-4497-8dcf-0b3f5766ff28 status=pass target=region2.v2.argotunnel.com
2026-07-30T11:13:04Z INF precheck component="TCP Connectivity" details="HTTP/2 connection successful" run_id=aec550d0-a2e3-4497-8dcf-0b3f5766ff28 status=pass target=region1.v2.argotunnel.com
2026-07-30T11:13:04Z INF precheck component="TCP Connectivity" details="HTTP/2 connection successful" run_id=aec550d0-a2e3-4497-8dcf-0b3f5766ff28 status=pass target=region2.v2.argotunnel.com
2026-07-30T11:13:04Z INF precheck component="Cloudflare API" details="API is reachable" run_id=aec550d0-a2e3-4497-8dcf-0b3f5766ff28 status=pass target=api.cloudflare.com:443
2026-07-30T11:13:04Z INF precheck complete hard_fail=false run_id=aec550d0-a2e3-4497-8dcf-0b3f5766ff28 suggested_protocol=quic
